// Code generated by github.com/joeriddles/goalesce DO NOT EDIT.
package api

import (
	"context"

	query "github.com/joeriddles/goalesce/examples/basic/query"
)

type Server struct {
	UserController
}

func NewServer(query *query.Query) *Server {
	return &Server{
		UserController: NewUserController(query),
	}
}

func (s *Server) GetUser(ctx context.Context, request GetUserRequestObject) (GetUserResponseObject, error) {
	return s.UserController.GetUser(ctx, request)
}

func (s *Server) PostUser(ctx context.Context, request PostUserRequestObject) (PostUserResponseObject, error) {
	return s.UserController.PostUser(ctx, request)
}

func (s *Server) DeleteUserID(ctx context.Context, request DeleteUserIDRequestObject) (DeleteUserIDResponseObject, error) {
	return s.UserController.DeleteUserID(ctx, request)
}

func (s *Server) GetUserID(ctx context.Context, request GetUserIDRequestObject) (GetUserIDResponseObject, error) {
	return s.UserController.GetUserID(ctx, request)
}

func (s *Server) PutUserID(ctx context.Context, request PutUserIDRequestObject) (PutUserIDResponseObject, error) {
	return s.UserController.PutUserID(ctx, request)
}
